[0.008s] Invoking command in '/home/nvidia/ros2_usb2can_motor_controller/build/motor_controller': CMAKE_PREFIX_PATH=/home/nvidia/ros2_usb2can_motor_controller/install/motor_interfaces:/home/nvidia/ros2_usb2can_motor_controller/install/can_usb_driver:/home/nvidia/ros2_usb2can_motor_controller/install/motor_test:/home/nvidia/ros2_usb2can_motor_controller/install/motor_controller:/opt/ros/humble /usr/bin/cmake --build /home/nvidia/ros2_usb2can_motor_controller/build/motor_controller -- -j16 -l16
[0.040s] [35m[1mConsolidate compiler generated dependencies of target motor_node[0m
[0.053s] [ 25%] [32m[1mLinking CXX executable motor_node[0m
[0.403s] [100%] Built target motor_node
[0.413s] Invoked command in '/home/nvidia/ros2_usb2can_motor_controller/build/motor_controller' returned '0': CMAKE_PREFIX_PATH=/home/nvidia/ros2_usb2can_motor_controller/install/motor_interfaces:/home/nvidia/ros2_usb2can_motor_controller/install/can_usb_driver:/home/nvidia/ros2_usb2can_motor_controller/install/motor_test:/home/nvidia/ros2_usb2can_motor_controller/install/motor_controller:/opt/ros/humble /usr/bin/cmake --build /home/nvidia/ros2_usb2can_motor_controller/build/motor_controller -- -j16 -l16
[0.413s] Invoking command in '/home/nvidia/ros2_usb2can_motor_controller/build/motor_controller': CMAKE_PREFIX_PATH=/home/nvidia/ros2_usb2can_motor_controller/install/motor_interfaces:/home/nvidia/ros2_usb2can_motor_controller/install/can_usb_driver:/home/nvidia/ros2_usb2can_motor_controller/install/motor_test:/home/nvidia/ros2_usb2can_motor_controller/install/motor_controller:/opt/ros/humble /usr/bin/cmake --install /home/nvidia/ros2_usb2can_motor_controller/build/motor_controller
[0.419s] -- Install configuration: ""
[0.419s] -- Installing: /home/nvidia/ros2_usb2can_motor_controller/install/motor_controller/lib/motor_controller/motor_node
[0.422s] -- Set runtime path of "/home/nvidia/ros2_usb2can_motor_controller/install/motor_controller/lib/motor_controller/motor_node" to ""
[0.422s] -- Up-to-date: /home/nvidia/ros2_usb2can_motor_controller/install/motor_controller/include
[0.422s] -- Up-to-date: /home/nvidia/ros2_usb2can_motor_controller/install/motor_controller/include/motor_controller
[0.422s] -- Up-to-date: /home/nvidia/ros2_usb2can_motor_controller/install/motor_controller/include/motor_controller/se_motor_parser.hpp
[0.422s] -- Up-to-date: /home/nvidia/ros2_usb2can_motor_controller/install/motor_controller/include/motor_controller/rs03_motor_parser.hpp
[0.422s] -- Up-to-date: /home/nvidia/ros2_usb2can_motor_controller/install/motor_controller/include/motor_controller/math_ops.hpp
[0.422s] -- Up-to-date: /home/nvidia/ros2_usb2can_motor_controller/install/motor_controller/include/motor_controller/motor_parser_base.hpp
[0.422s] -- Up-to-date: /home/nvidia/ros2_usb2can_motor_controller/install/motor_controller/share/motor_controller/config
[0.422s] -- Up-to-date: /home/nvidia/ros2_usb2can_motor_controller/install/motor_controller/share/motor_controller/config/motors.yaml
[0.422s] -- Up-to-date: /home/nvidia/ros2_usb2can_motor_controller/install/motor_controller/share/motor_controller/config/devices.yaml
[0.422s] -- Up-to-date: /home/nvidia/ros2_usb2can_motor_controller/install/motor_controller/share/motor_controller//launch
[0.422s] -- Up-to-date: /home/nvidia/ros2_usb2can_motor_controller/install/motor_controller/share/motor_controller//launch/motor_node.launch.py
[0.422s] -- Up-to-date: /home/nvidia/ros2_usb2can_motor_controller/install/motor_controller/share/ament_index/resource_index/package_run_dependencies/motor_controller
[0.422s] -- Up-to-date: /home/nvidia/ros2_usb2can_motor_controller/install/motor_controller/share/ament_index/resource_index/parent_prefix_path/motor_controller
[0.422s] -- Up-to-date: /home/nvidia/ros2_usb2can_motor_controller/install/motor_controller/share/motor_controller/environment/ament_prefix_path.sh
[0.422s] -- Up-to-date: /home/nvidia/ros2_usb2can_motor_controller/install/motor_controller/share/motor_controller/environment/ament_prefix_path.dsv
[0.422s] -- Up-to-date: /home/nvidia/ros2_usb2can_motor_controller/install/motor_controller/share/motor_controller/environment/path.sh
[0.422s] -- Up-to-date: /home/nvidia/ros2_usb2can_motor_controller/install/motor_controller/share/motor_controller/environment/path.dsv
[0.422s] -- Up-to-date: /home/nvidia/ros2_usb2can_motor_controller/install/motor_controller/share/motor_controller/local_setup.bash
[0.422s] -- Up-to-date: /home/nvidia/ros2_usb2can_motor_controller/install/motor_controller/share/motor_controller/local_setup.sh
[0.422s] -- Up-to-date: /home/nvidia/ros2_usb2can_motor_controller/install/motor_controller/share/motor_controller/local_setup.zsh
[0.423s] -- Up-to-date: /home/nvidia/ros2_usb2can_motor_controller/install/motor_controller/share/motor_controller/local_setup.dsv
[0.423s] -- Installing: /home/nvidia/ros2_usb2can_motor_controller/install/motor_controller/share/motor_controller/package.dsv
[0.423s] -- Up-to-date: /home/nvidia/ros2_usb2can_motor_controller/install/motor_controller/share/ament_index/resource_index/packages/motor_controller
[0.423s] -- Up-to-date: /home/nvidia/ros2_usb2can_motor_controller/install/motor_controller/share/motor_controller/cmake/motor_controllerConfig.cmake
[0.423s] -- Up-to-date: /home/nvidia/ros2_usb2can_motor_controller/install/motor_controller/share/motor_controller/cmake/motor_controllerConfig-version.cmake
[0.423s] -- Up-to-date: /home/nvidia/ros2_usb2can_motor_controller/install/motor_controller/share/motor_controller/package.xml
[0.424s] Invoked command in '/home/nvidia/ros2_usb2can_motor_controller/build/motor_controller' returned '0': CMAKE_PREFIX_PATH=/home/nvidia/ros2_usb2can_motor_controller/install/motor_interfaces:/home/nvidia/ros2_usb2can_motor_controller/install/can_usb_driver:/home/nvidia/ros2_usb2can_motor_controller/install/motor_test:/home/nvidia/ros2_usb2can_motor_controller/install/motor_controller:/opt/ros/humble /usr/bin/cmake --install /home/nvidia/ros2_usb2can_motor_controller/build/motor_controller
