[0.010s] Invoking command in '/home/nvidia/ros2_usb2can_motor_controller/build/can_usb_driver': CMAKE_PREFIX_PATH=${CMAKE_PREFIX_PATH}:/opt/ros/humble /usr/bin/cmake /home/nvidia/ros2_usb2can_motor_controller/src/can_usb_driver -DCMAKE_INSTALL_PREFIX=/home/nvidia/ros2_usb2can_motor_controller/install/can_usb_driver
[0.050s] -- The C compiler identification is GNU 11.4.0
[0.087s] -- The CXX compiler identification is GNU 11.4.0
[0.093s] -- Detecting C compiler ABI info
[0.146s] -- Detecting C compiler ABI info - done
[0.151s] -- Check for working C compiler: /usr/bin/cc - skipped
[0.151s] -- Detecting C compile features
[0.151s] -- Detecting C compile features - done
[0.154s] -- Detecting CXX compiler ABI info
[0.210s] -- Detecting CXX compiler ABI info - done
[0.216s] -- Check for working CXX compiler: /usr/bin/c++ - skipped
[0.216s] -- Detecting CXX compile features
[0.216s] -- Detecting CXX compile features - done
[0.217s] -- Looking for pthread.h
[0.269s] -- Looking for pthread.h - found
[0.269s] -- Performing Test CMAKE_HAVE_LIBC_PTHREAD
[0.325s] -- Performing Test CMAKE_HAVE_LIBC_PTHREAD - Success
[0.325s] -- Found Threads: TRUE  
[0.326s] -- Found ament_cmake: 1.3.12 (/opt/ros/humble/share/ament_cmake/cmake)
[0.430s] -- Found Python3: /usr/bin/python3 (found version "3.10.12") found components: Interpreter 
[0.484s] -- Found rclcpp: 16.0.14 (/opt/ros/humble/share/rclcpp/cmake)
[0.504s] -- Found rosidl_generator_c: 3.1.7 (/opt/ros/humble/share/rosidl_generator_c/cmake)
[0.507s] -- Found rosidl_adapter: 3.1.7 (/opt/ros/humble/share/rosidl_adapter/cmake)
[0.512s] -- Found rosidl_generator_cpp: 3.1.7 (/opt/ros/humble/share/rosidl_generator_cpp/cmake)
[0.519s] -- Using all available rosidl_typesupport_c: rosidl_typesupport_fastrtps_c;rosidl_typesupport_introspection_c
[0.529s] -- Using all available rosidl_typesupport_cpp: rosidl_typesupport_fastrtps_cpp;rosidl_typesupport_introspection_cpp
[0.552s] -- Found rmw_implementation_cmake: 6.1.2 (/opt/ros/humble/share/rmw_implementation_cmake/cmake)
[0.554s] -- Found rmw_fastrtps_cpp: 6.2.8 (/opt/ros/humble/share/rmw_fastrtps_cpp/cmake)
[0.612s] -- Found OpenSSL: /usr/lib/x86_64-linux-gnu/libcrypto.so (found version "3.0.2")  
[0.632s] -- Found FastRTPS: /opt/ros/humble/include  
[0.658s] -- Using RMW implementation 'rmw_fastrtps_cpp' as default
[0.740s] -- Configuring done
[0.748s] -- Generating done
[0.751s] -- Build files have been written to: /home/nvidia/ros2_usb2can_motor_controller/build/can_usb_driver
[0.758s] Invoked command in '/home/nvidia/ros2_usb2can_motor_controller/build/can_usb_driver' returned '0': CMAKE_PREFIX_PATH=${CMAKE_PREFIX_PATH}:/opt/ros/humble /usr/bin/cmake /home/nvidia/ros2_usb2can_motor_controller/src/can_usb_driver -DCMAKE_INSTALL_PREFIX=/home/nvidia/ros2_usb2can_motor_controller/install/can_usb_driver
[0.760s] Invoking command in '/home/nvidia/ros2_usb2can_motor_controller/build/can_usb_driver': CMAKE_PREFIX_PATH=${CMAKE_PREFIX_PATH}:/opt/ros/humble /usr/bin/cmake --build /home/nvidia/ros2_usb2can_motor_controller/build/can_usb_driver -- -j16 -l16
[0.801s] [ 50%] [32mBuilding CXX object CMakeFiles/can_usb_driver.dir/src/can_usb_device.cpp.o[0m
[3.091s] [100%] [32m[1mLinking CXX static library libcan_usb_driver.a[0m
[3.120s] [100%] Built target can_usb_driver
[3.129s] Invoked command in '/home/nvidia/ros2_usb2can_motor_controller/build/can_usb_driver' returned '0': CMAKE_PREFIX_PATH=${CMAKE_PREFIX_PATH}:/opt/ros/humble /usr/bin/cmake --build /home/nvidia/ros2_usb2can_motor_controller/build/can_usb_driver -- -j16 -l16
[3.130s] Invoking command in '/home/nvidia/ros2_usb2can_motor_controller/build/can_usb_driver': CMAKE_PREFIX_PATH=${CMAKE_PREFIX_PATH}:/opt/ros/humble /usr/bin/cmake --install /home/nvidia/ros2_usb2can_motor_controller/build/can_usb_driver
[3.137s] -- Install configuration: ""
[3.137s] -- Installing: /home/nvidia/ros2_usb2can_motor_controller/install/can_usb_driver/lib/libcan_usb_driver.a
[3.138s] -- Installing: /home/nvidia/ros2_usb2can_motor_controller/install/can_usb_driver/include
[3.138s] -- Installing: /home/nvidia/ros2_usb2can_motor_controller/install/can_usb_driver/include/can_usb_driver
[3.138s] -- Installing: /home/nvidia/ros2_usb2can_motor_controller/install/can_usb_driver/include/can_usb_driver/can_usb_device.hpp
[3.138s] -- Installing: /home/nvidia/ros2_usb2can_motor_controller/install/can_usb_driver/include/can_usb_driver/ring_buffer.hpp
[3.138s] -- Installing: /home/nvidia/ros2_usb2can_motor_controller/install/can_usb_driver/share/ament_index/resource_index/package_run_dependencies/can_usb_driver
[3.139s] -- Installing: /home/nvidia/ros2_usb2can_motor_controller/install/can_usb_driver/share/ament_index/resource_index/parent_prefix_path/can_usb_driver
[3.139s] -- Installing: /home/nvidia/ros2_usb2can_motor_controller/install/can_usb_driver/share/can_usb_driver/environment/ament_prefix_path.sh
[3.139s] -- Installing: /home/nvidia/ros2_usb2can_motor_controller/install/can_usb_driver/share/can_usb_driver/environment/ament_prefix_path.dsv
[3.139s] -- Installing: /home/nvidia/ros2_usb2can_motor_controller/install/can_usb_driver/share/can_usb_driver/environment/path.sh
[3.139s] -- Installing: /home/nvidia/ros2_usb2can_motor_controller/install/can_usb_driver/share/can_usb_driver/environment/path.dsv
[3.139s] -- Installing: /home/nvidia/ros2_usb2can_motor_controller/install/can_usb_driver/share/can_usb_driver/local_setup.bash
[3.140s] -- Installing: /home/nvidia/ros2_usb2can_motor_controller/install/can_usb_driver/share/can_usb_driver/local_setup.sh
[3.140s] -- Installing: /home/nvidia/ros2_usb2can_motor_controller/install/can_usb_driver/share/can_usb_driver/local_setup.zsh
[3.140s] -- Installing: /home/nvidia/ros2_usb2can_motor_controller/install/can_usb_driver/share/can_usb_driver/local_setup.dsv
[3.140s] -- Installing: /home/nvidia/ros2_usb2can_motor_controller/install/can_usb_driver/share/can_usb_driver/package.dsv
[3.140s] -- Installing: /home/nvidia/ros2_usb2can_motor_controller/install/can_usb_driver/share/ament_index/resource_index/packages/can_usb_driver
[3.140s] -- Installing: /home/nvidia/ros2_usb2can_motor_controller/install/can_usb_driver/share/can_usb_driver/cmake/export_can_usb_driverExport.cmake
[3.140s] -- Installing: /home/nvidia/ros2_usb2can_motor_controller/install/can_usb_driver/share/can_usb_driver/cmake/export_can_usb_driverExport-noconfig.cmake
[3.140s] -- Installing: /home/nvidia/ros2_usb2can_motor_controller/install/can_usb_driver/share/can_usb_driver/cmake/ament_cmake_export_include_directories-extras.cmake
[3.140s] -- Installing: /home/nvidia/ros2_usb2can_motor_controller/install/can_usb_driver/share/can_usb_driver/cmake/ament_cmake_export_targets-extras.cmake
[3.140s] -- Installing: /home/nvidia/ros2_usb2can_motor_controller/install/can_usb_driver/share/can_usb_driver/cmake/can_usb_driverConfig.cmake
[3.140s] -- Installing: /home/nvidia/ros2_usb2can_motor_controller/install/can_usb_driver/share/can_usb_driver/cmake/can_usb_driverConfig-version.cmake
[3.140s] -- Installing: /home/nvidia/ros2_usb2can_motor_controller/install/can_usb_driver/share/can_usb_driver/package.xml
[3.142s] Invoked command in '/home/nvidia/ros2_usb2can_motor_controller/build/can_usb_driver' returned '0': CMAKE_PREFIX_PATH=${CMAKE_PREFIX_PATH}:/opt/ros/humble /usr/bin/cmake --install /home/nvidia/ros2_usb2can_motor_controller/build/can_usb_driver
